startup: entered hpame.ui.app_main
startup: injected public names from packaged modules
startup: page config set
startup: title rendered
startup: file_uploader rendered
startup: entered hpame.ui.app_main
startup: injected public names from packaged modules
startup: page config set
startup: title rendered
startup: file_uploader rendered
startup: entered hpame.ui.app_main
startup: injected public names from packaged modules
startup: page config set
startup: title rendered
startup: file_uploader rendered
upload: file_buffer present
upload: initial format resolved file=mc23IPI_RT_p8.cif format=cif
upload: before initialize_structure file=mc23IPI_RT_p8.cif
upload: after initialize_structure atoms=156 molecules=10
upload: stopping before session_state write
startup: entered hpame.ui.app_main
startup: injected public names from packaged modules
startup: page config set
startup: title rendered
startup: file_uploader rendered
upload: file_buffer present
upload: initial format resolved file=mc23IPI_RT_p8.cif format=cif
upload: before initialize_structure file=mc23IPI_RT_p8.cif
upload: after initialize_structure atoms=156 molecules=10
startup: entered hpame.ui.app_main
startup: injected public names from packaged modules
startup: page config set
startup: title rendered
startup: file_uploader rendered
upload: file_buffer present
upload: initial format resolved file=mc23IPI_RT_p8.cif format=cif
upload: before initialize_structure file=mc23IPI_RT_p8.cif
upload: after initialize_structure atoms=156 molecules=10
startup: entered hpame.ui.app_main
startup: injected public names from packaged modules
startup: page config set
startup: title rendered
startup: file_uploader rendered
upload: file_buffer present
upload: initial format resolved file=mc23IPI_RT_p8.cif format=cif
upload: before initialize_structure file=mc23IPI_RT_p8.cif
upload: after initialize_structure atoms=156 molecules=10
startup: entered hpame.ui.app_main
startup: injected public names from packaged modules
startup: page config set
startup: title rendered
startup: file_uploader rendered
upload: file_buffer present
upload: initial format resolved file=mc23IPI_RT_p8.cif format=cif
upload: before initialize_structure file=mc23IPI_RT_p8.cif
upload: after initialize_structure atoms=156 molecules=10
startup: entered hpame.ui.app_main
startup: injected public names from packaged modules
startup: page config set
startup: title rendered
startup: file_uploader rendered
upload: file_buffer present
upload: initial format resolved file=mc23IPI_RT_p8.cif format=cif
upload: before initialize_structure file=mc23IPI_RT_p8.cif
upload: after initialize_structure atoms=156 molecules=10
startup: entered hpame.ui.app_main
startup: injected public names from packaged modules
startup: page config set
startup: title rendered
startup: file_uploader rendered
upload: file_buffer present
upload: initial format resolved file=mc23IPI_RT_p8.cif format=cif
upload: before initialize_structure file=mc23IPI_RT_p8.cif
upload: after initialize_structure atoms=156 molecules=10
startup: entered hpame.ui.app_main
startup: injected public names from packaged modules
startup: page config set
startup: title rendered
startup: file_uploader rendered
upload: file_buffer present
upload: initial format resolved file=mc23IPI_RT_p8.cif format=cif
upload: before initialize_structure file=mc23IPI_RT_p8.cif
upload: after initialize_structure atoms=156 molecules=10
startup: entered hpame.ui.app_main
startup: injected public names from packaged modules
startup: page config set
startup: title rendered
startup: file_uploader rendered
upload: file_buffer present
upload: initial format resolved file=mc23IPI_RT_p8.cif format=cif
upload: before initialize_structure file=mc23IPI_RT_p8.cif
upload: after initialize_structure atoms=156 molecules=10
startup: entered hpame.ui.app_main
startup: injected public names from packaged modules
startup: page config set
startup: title rendered
startup: file_uploader rendered
upload: file_buffer present
upload: initial format resolved file=mc23IPI_RT_p8.cif format=cif
upload: before initialize_structure file=mc23IPI_RT_p8.cif
upload: after initialize_structure atoms=156 molecules=10
startup: entered hpame.ui.app_main
startup: injected public names from packaged modules
startup: page config set
startup: title rendered
startup: file_uploader rendered
upload: file_buffer present
upload: initial format resolved file=mc23IPI_RT_p8.cif format=cif
upload: before initialize_structure file=mc23IPI_RT_p8.cif
upload: after initialize_structure atoms=156 molecules=10
startup: entered hpame.ui.app_main
startup: injected public names from packaged modules
startup: page config set
startup: title rendered
startup: file_uploader rendered
upload: file_buffer present
upload: initial format resolved file=mc23IPI_RT_p8.cif format=cif
upload: before initialize_structure file=mc23IPI_RT_p8.cif
upload: after initialize_structure atoms=156 molecules=10
startup: entered hpame.ui.app_main
startup: injected public names from packaged modules
startup: page config set
startup: title rendered
startup: file_uploader rendered
upload: file_buffer present
upload: initial format resolved file=mc23IPI_RT_p8.cif format=cif
upload: before initialize_structure file=mc23IPI_RT_p8.cif
upload: after initialize_structure atoms=156 molecules=10
startup: entered hpame.ui.app_main
startup: injected public names from packaged modules
startup: page config set
startup: title rendered
startup: file_uploader rendered
startup: entered hpame.ui.app_main
startup: injected public names from packaged modules
startup: page config set
startup: title rendered
startup: file_uploader rendered
upload: file_buffer present
upload: initial format resolved file=mc23IPI_RT_p8.cif format=cif
upload: before initialize_structure file=mc23IPI_RT_p8.cif
upload: after initialize_structure atoms=156 molecules=10
startup: entered hpame.ui.app_main
startup: injected public names from packaged modules
startup: page config set
startup: title rendered
startup: file_uploader rendered
upload: file_buffer present
upload: initial format resolved file=mc23IPI_RT_p8.cif format=cif
upload: before initialize_structure file=mc23IPI_RT_p8.cif
upload: after initialize_structure atoms=156 molecules=10
startup: entered hpame.ui.app_main
startup: injected public names from packaged modules
startup: page config set
startup: title rendered
startup: file_uploader rendered
upload: file_buffer present
upload: initial format resolved file=mc23IPI_RT_p8.cif format=cif
upload: before initialize_structure file=mc23IPI_RT_p8.cif
upload: after initialize_structure atoms=156 molecules=10
startup: entered hpame.ui.app_main
startup: injected public names from packaged modules
startup: page config set
startup: title rendered
startup: file_uploader rendered
upload: file_buffer present
upload: initial format resolved file=mc23IPI_RT_p8.cif format=cif
upload: before initialize_structure file=mc23IPI_RT_p8.cif
upload: after initialize_structure atoms=156 molecules=10
startup: entered hpame.ui.app_main
startup: injected public names from packaged modules
startup: page config set
startup: title rendered
startup: file_uploader rendered
startup: entered hpame.ui.app_main
startup: injected public names from packaged modules
startup: page config set
startup: title rendered
startup: file_uploader rendered
startup: entered hpame.ui.app_main
startup: injected public names from packaged modules
startup: page config set
startup: title rendered
startup: file_uploader rendered
upload: file_buffer present
upload: initial format resolved file=mc23IPI_RT_p8.cif format=cif
upload: before initialize_structure file=mc23IPI_RT_p8.cif
upload: after initialize_structure atoms=156 molecules=10
startup: entered hpame.ui.app_main
startup: injected public names from packaged modules
startup: page config set
startup: title rendered
startup: file_uploader rendered
upload: file_buffer present
upload: initial format resolved file=mc23IPI_RT_p8.cif format=cif
upload: before initialize_structure file=mc23IPI_RT_p8.cif
upload: after initialize_structure atoms=156 molecules=10
startup: entered hpame.ui.app_main
startup: injected public names from packaged modules
startup: page config set
startup: title rendered
startup: file_uploader rendered
upload: file_buffer present
upload: initial format resolved file=mc23IPI_RT_p8.cif format=cif
upload: before initialize_structure file=mc23IPI_RT_p8.cif
upload: after initialize_structure atoms=156 molecules=10
startup: entered hpame.ui.app_main
startup: injected public names from packaged modules
startup: page config set
startup: title rendered
startup: file_uploader rendered
upload: file_buffer present
upload: initial format resolved file=mc23IPI_RT_p8.cif format=cif
upload: before initialize_structure file=mc23IPI_RT_p8.cif
upload: after initialize_structure atoms=156 molecules=10
startup: entered hpame.ui.app_main
startup: injected public names from packaged modules
startup: page config set
startup: title rendered
startup: file_uploader rendered
upload: file_buffer present
upload: initial format resolved file=mc23IPI_RT_p8.cif format=cif
upload: before initialize_structure file=mc23IPI_RT_p8.cif
upload: after initialize_structure atoms=156 molecules=10
startup: entered hpame.ui.app_main
startup: injected public names from packaged modules
startup: page config set
startup: title rendered
startup: file_uploader rendered
upload: file_buffer present
upload: initial format resolved file=mc23IPI_RT_p8.cif format=cif
upload: before initialize_structure file=mc23IPI_RT_p8.cif
upload: after initialize_structure atoms=156 molecules=10
startup: entered hpame.ui.app_main
startup: injected public names from packaged modules
startup: page config set
startup: title rendered
startup: file_uploader rendered
